[    0.000000] Linux version 4.15.0-191-generic (buildd@lcy02-amd64-032) (gcc version 7.5.0 (Ubuntu 7.5.0-3ubuntu1~18.04)) #202-Ubuntu SMP Thu Aug 4 01:49:29 UTC 2022 (Ubuntu 4.15.0-191.202-generic 4.15.18)
[    0.000000] Command line: BOOT_IMAGE=/boot/vmlinuz-4.15.0-191-generic root=LABEL=cloudimg-rootfs ro console=tty1 console=ttyS0
[    0.000000] KERNEL supported cpus:
[    0.000000]   Intel GenuineIntel
[    0.000000]   AMD AuthenticAMD
[    0.000000]   Centaur CentaurHauls
[    0.000000] x86/fpu: x87 FPU will use FXSAVE
[    0.000000] e820: BIOS-provided physical RAM map:
[    0.000000] BIOS-e820: [mem 0x0000000000000000-0x000000000009fbff] usable
[    0.000000] BIOS-e820: [mem 0x000000000009fc00-0x000000000009ffff] reserved
[    0.000000] BIOS-e820: [mem 0x00000000000f0000-0x00000000000fffff] reserved
[    0.000000] BIOS-e820: [mem 0x0000000000100000-0x000000003ffeffff] usable
[    0.000000] BIOS-e820: [mem 0x000000003fff0000-0x000000003fffffff] ACPI data
[    0.000000] BIOS-e820: [mem 0x00000000fec00000-0x00000000fec00fff] reserved
[    0.000000] BIOS-e820: [mem 0x00000000fee00000-0x00000000fee00fff] reserved
[    0.000000] BIOS-e820: [mem 0x00000000fffc0000-0x00000000ffffffff] reserved
[    0.000000] NX (Execute Disable) protection: active
[    0.000000] SMBIOS 2.5 present.
[    0.000000] DMI: innotek GmbH VirtualBox/VirtualBox, BIOS VirtualBox 12/01/2006
[    0.000000] Hypervisor detected: KVM
[    0.000000] e820: last_pfn = 0x3fff0 max_arch_pfn = 0x400000000
[    0.000000] MTRR: Disabled
[    0.000000] x86/PAT: MTRRs disabled, skipping PAT initialization too.
[    0.000000] CPU MTRRs all blank - virtualized system.
[    0.000000] x86/PAT: Configuration [0-7]: WB  WT  UC- UC  WB  WT  UC- UC  
[    0.000000] found SMP MP-table at [mem 0x0009fff0-0x0009ffff]
[    0.000000] Scanning 1 areas for low memory corruption
[    0.000000] RAMDISK: [mem 0x359cf000-0x36cdefff]
[    0.000000] ACPI: Early table checksum verification disabled
[    0.000000] ACPI: RSDP 0x00000000000E0000 000024 (v02 VBOX  )
[    0.000000] ACPI: XSDT 0x000000003FFF0030 00003C (v01 VBOX   VBOXXSDT 00000001 ASL  00000061)
[    0.000000] ACPI: FACP 0x000000003FFF00F0 0000F4 (v04 VBOX   VBOXFACP 00000001 ASL  00000061)
[    0.000000] ACPI: DSDT 0x000000003FFF0470 002325 (v02 VBOX   VBOXBIOS 00000002 INTL 20100528)
[    0.000000] ACPI: FACS 0x000000003FFF0200 000040
[    0.000000] ACPI: FACS 0x000000003FFF0200 000040
[    0.000000] ACPI: APIC 0x000000003FFF0240 00005C (v02 VBOX   VBOXAPIC 00000001 ASL  00000061)
[    0.000000] ACPI: SSDT 0x000000003FFF02A0 0001CC (v01 VBOX   VBOXCPUT 00000002 INTL 20100528)
[    0.000000] ACPI: Reserving FACP table memory at [mem 0x3fff00f0-0x3fff01e3]
[    0.000000] ACPI: Reserving DSDT table memory at [mem 0x3fff0470-0x3fff2794]
[    0.000000] ACPI: Reserving FACS table memory at [mem 0x3fff0200-0x3fff023f]
[    0.000000] ACPI: Reserving FACS table memory at [mem 0x3fff0200-0x3fff023f]
[    0.000000] ACPI: Reserving APIC table memory at [mem 0x3fff0240-0x3fff029b]
[    0.000000] ACPI: Reserving SSDT table memory at [mem 0x3fff02a0-0x3fff046b]
[    0.000000] No NUMA configuration found
[    0.000000] Faking a node at [mem 0x0000000000000000-0x000000003ffeffff]
[    0.000000] NODE_DATA(0) allocated [mem 0x3ffc5000-0x3ffeffff]
[    0.000000] kvm-clock: cpu 0, msr 0:3ff44001, primary cpu clock
[    0.000000] kvm-clock: Using msrs 4b564d01 and 4b564d00
[    0.000000] kvm-clock: using sched offset of 4148570152 cycles
[    0.000000] clocksource: kvm-clock: mask: 0xffffffffffffffff max_cycles: 0x1cd42e4dffb, max_idle_ns: 881590591483 ns
[    0.000000] Zone ranges:
[    0.000000]   DMA      [mem 0x0000000000001000-0x0000000000ffffff]
[    0.000000]   DMA32    [mem 0x0000000001000000-0x000000003ffeffff]
[    0.000000]   Normal   empty
[    0.000000]   Device   empty
[    0.000000] Movable zone start for each node
[    0.000000] Early memory node ranges
[    0.000000]   node   0: [mem 0x0000000000001000-0x000000000009efff]
[    0.000000]   node   0: [mem 0x0000000000100000-0x000000003ffeffff]
[    0.000000] Reserved but unavailable: 104 pages
[    0.000000] Initmem setup node 0 [mem 0x0000000000001000-0x000000003ffeffff]
[    0.000000] ACPI: PM-Timer IO Port: 0x4008
[    0.000000] IOAPIC[0]: apic_id 2, version 32, address 0xfec00000, GSI 0-23
[    0.000000] ACPI: INT_SRC_OVR (bus 0 bus_irq 0 global_irq 2 dfl dfl)
[    0.000000] ACPI: INT_SRC_OVR (bus 0 bus_irq 9 global_irq 9 low level)
[    0.000000] Using ACPI (MADT) for SMP configuration information
[    0.000000] smpboot: Allowing 2 CPUs, 0 hotplug CPUs
[    0.000000] PM: Registered nosave memory: [mem 0x00000000-0x00000fff]
[    0.000000] PM: Registered nosave memory: [mem 0x0009f000-0x0009ffff]
[    0.000000] PM: Registered nosave memory: [mem 0x000a0000-0x000effff]
[    0.000000] PM: Registered nosave memory: [mem 0x000f0000-0x000fffff]
[    0.000000] e820: [mem 0x40000000-0xfebfffff] available for PCI devices
[    0.000000] Booting paravirtualized kernel on KVM
[    0.000000] clocksource: refined-jiffies: mask: 0xffffffff max_cycles: 0xffffffff, max_idle_ns: 7645519600211568 ns
[    0.000000] random: get_random_bytes called from start_kernel+0x99/0x500 with crng_init=0
[    0.000000] setup_percpu: NR_CPUS:8192 nr_cpumask_bits:2 nr_cpu_ids:2 nr_node_ids:1
[    0.000000] percpu: Embedded 50 pages/cpu s167936 r8192 d28672 u1048576
[    0.000000] PV qspinlock hash table entries: 256 (order: 0, 4096 bytes)
[    0.000000] Built 1 zonelists, mobility grouping on.  Total pages: 257913
[    0.000000] Policy zone: DMA32
[    0.000000] Kernel command line: BOOT_IMAGE=/boot/vmlinuz-4.15.0-191-generic root=LABEL=cloudimg-rootfs ro console=tty1 console=ttyS0
[    0.000000] Memory: 982656K/1048120K available (12300K kernel code, 2484K rwdata, 4324K rodata, 2468K init, 2724K bss, 65464K reserved, 0K cma-reserved)
[    0.000000] SLUB: HWalign=64, Order=0-3, MinObjects=0, CPUs=2, Nodes=1
[    0.000000] ftrace: allocating 39485 entries in 155 pages
[    0.004000] Hierarchical RCU implementation.
[    0.004000] 	RCU restricting CPUs from NR_CPUS=8192 to nr_cpu_ids=2.
[    0.004000] 	Tasks RCU enabled.
[    0.004000] RCU: Adjusting geometry for rcu_fanout_leaf=16, nr_cpu_ids=2
[    0.004000] NR_IRQS: 524544, nr_irqs: 440, preallocated irqs: 16
[    0.004000] Console: colour VGA+ 80x25
[    0.004000] console [tty1] enabled
[    0.004000] console [ttyS0] enabled
[    0.004000] ACPI: Core revision 20170831
[    0.004000] ACPI: 2 ACPI AML tables successfully acquired and loaded
[    0.004000] APIC: Switch to symmetric I/O mode setup
[    0.004000] ..TIMER: vector=0x30 apic1=0 pin1=2 apic2=-1 pin2=-1
[    0.004000] tsc: Detected 2803.210 MHz processor
[    0.004000] Calibrating delay loop (skipped) preset value.. 5606.42 BogoMIPS (lpj=11212840)
[    0.004000] pid_max: default: 32768 minimum: 301
[    0.004000] Security Framework initialized
[    0.004000] Yama: becoming mindful.
[    0.004000] AppArmor: AppArmor initialized
[    0.004000] Dentry cache hash table entries: 131072 (order: 8, 1048576 bytes)
[    0.004000] Inode-cache hash table entries: 65536 (order: 7, 524288 bytes)
[    0.004000] Mount-cache hash table entries: 2048 (order: 2, 16384 bytes)
[    0.004000] Mountpoint-cache hash table entries: 2048 (order: 2, 16384 bytes)
[    0.005104] Last level iTLB entries: 4KB 0, 2MB 0, 4MB 0
[    0.008000] Last level dTLB entries: 4KB 0, 2MB 0, 4MB 0, 1GB 0
[    0.008000] Spectre V1 : Mitigation: usercopy/swapgs barriers and __user pointer sanitization
[    0.008000] Spectre V2 : Mitigation: Enhanced IBRS
[    0.008000] Spectre V2 : Spectre v2 / SpectreRSB mitigation: Filling RSB on context switch
[    0.008000] Speculative Store Bypass: Vulnerable
[    0.008000] Freeing SMP alternatives memory: 36K
[    0.041607] APIC calibration not consistent with PM-Timer: 105ms instead of 100ms
[    0.044000] APIC delta adjusted to PM-Timer: 6466336 (6852434)
[    0.044000] smpboot: CPU0: 11th Gen Intel(R) Core(TM) i7-1165G7 @ 2.80GHz (family: 0x6, model: 0x8c, stepping: 0x1)
[    0.044000] Performance Events: unsupported p6 CPU model 140 no PMU driver, software events only.
[    0.044000] Hierarchical SRCU implementation.
[    0.044000] NMI watchdog: Perf event create on CPU 0 failed with -2
[    0.044000] NMI watchdog: Perf NMI watchdog permanently disabled
[    0.044000] smp: Bringing up secondary CPUs ...
[    0.044153] x86: Booting SMP configuration:
[    0.048000] .... node  #0, CPUs:      #1
[    0.004000] kvm-clock: cpu 1, msr 0:3ff44041, secondary cpu clock
[    0.052000] TSC synchronization [CPU#0 -> CPU#1]:
[    0.052000] Measured 43115 cycles TSC warp between CPUs, turning off TSC clock.
[    0.052000] tsc: Marking TSC unstable due to check_tsc_sync_source failed
[    0.056204] smp: Brought up 1 node, 2 CPUs
[    0.060000] smpboot: Max logical packages: 1
[    0.060000] smpboot: Total of 2 processors activated (11212.84 BogoMIPS)
[    0.064169] devtmpfs: initialized
[    0.068000] x86/mm: Memory block size: 128MB
[    0.068000] evm: security.selinux
[    0.068000] evm: security.SMACK64
[    0.068000] evm: security.SMACK64EXEC
[    0.068000] evm: security.SMACK64TRANSMUTE
[    0.068000] evm: security.SMACK64MMAP
[    0.068000] evm: security.apparmor
[    0.068000] evm: security.ima
[    0.068000] evm: security.capability
[    0.068466] clocksource: jiffies: mask: 0xffffffff max_cycles: 0xffffffff, max_idle_ns: 7645041785100000 ns
[    0.072000] futex hash table entries: 512 (order: 3, 32768 bytes)
[    0.072000] pinctrl core: initialized pinctrl subsystem
[    0.072000] RTC time: 19:26:55, date: 08/25/22
[    0.072000] NET: Registered protocol family 16
[    0.072000] audit: initializing netlink subsys (disabled)
[    0.072191] audit: type=2000 audit(1661455619.842:1): state=initialized audit_enabled=0 res=1
[    0.084142] cpuidle: using governor ladder
[    0.088000] cpuidle: using governor menu
[    0.088000] ACPI: bus type PCI registered
[    0.088000] acpiphp: ACPI Hot Plug PCI Controller Driver version: 0.5
[    0.088000] PCI: Using configuration type 1 for base access
[    0.092242] HugeTLB registered 2.00 MiB page size, pre-allocated 0 pages
[    0.100320] ACPI: Added _OSI(Module Device)
[    0.104000] ACPI: Added _OSI(Processor Device)
[    0.104000] ACPI: Added _OSI(3.0 _SCP Extensions)
[    0.104000] ACPI: Added _OSI(Processor Aggregator Device)
[    0.104000] ACPI: Added _OSI(Linux-Dell-Video)
[    0.104000] ACPI: Added _OSI(Linux-Lenovo-NV-HDMI-Audio)
[    0.104000] ACPI: Added _OSI(Linux-HPI-Hybrid-Graphics)
[    0.104615] ACPI: Executed 1 blocks of module-level executable AML code
[    0.113153] ACPI: Interpreter enabled
[    0.116000] ACPI: (supports S0 S5)
[    0.116000] ACPI: Using IOAPIC for interrupt routing
[    0.120011] PCI: Using host bridge windows from ACPI; if necessary, use "pci=nocrs" and report a bug
[    0.124000] ACPI: Enabled 2 GPEs in block 00 to 07
[    0.144113] ACPI: PCI Root Bridge [PCI0] (domain 0000 [bus 00-ff])
[    0.148000] acpi PNP0A03:00: _OSC: OS supports [ASPM ClockPM Segments MSI]
[    0.148560] acpi PNP0A03:00: _OSC: not requesting OS control; OS requires [ExtendedConfig ASPM ClockPM MSI]
[    0.152000] acpi PNP0A03:00: fail to add MMCONFIG information, can't access extended PCI configuration space under this bridge.
[    0.156313] PCI host bridge to bus 0000:00
[    0.160000] pci_bus 0000:00: root bus resource [io  0x0000-0x0cf7 window]
[    0.160000] pci_bus 0000:00: root bus resource [io  0x0d00-0xffff window]
[    0.160000] pci_bus 0000:00: root bus resource [mem 0x000a0000-0x000bffff window]
[    0.160000] pci_bus 0000:00: root bus resource [mem 0x40000000-0xfdffffff window]
[    0.160000] pci_bus 0000:00: root bus resource [bus 00-ff]
[    0.165576] pci 0000:00:01.1: legacy IDE quirk: reg 0x10: [io  0x01f0-0x01f7]
[    0.168000] pci 0000:00:01.1: legacy IDE quirk: reg 0x14: [io  0x03f6]
[    0.168000] pci 0000:00:01.1: legacy IDE quirk: reg 0x18: [io  0x0170-0x0177]
[    0.168000] pci 0000:00:01.1: legacy IDE quirk: reg 0x1c: [io  0x0376]
[    0.182384] pci 0000:00:07.0: quirk: [io  0x4000-0x403f] claimed by PIIX4 ACPI
[    0.184000] pci 0000:00:07.0: quirk: [io  0x4100-0x410f] claimed by PIIX4 SMB
[    0.196288] ACPI: PCI Interrupt Link [LNKA] (IRQs 5 9 10 *11)
[    0.200286] ACPI: PCI Interrupt Link [LNKB] (IRQs 5 9 *10 11)
[    0.204000] ACPI: PCI Interrupt Link [LNKC] (IRQs 5 *9 10 11)
[    0.204000] ACPI: PCI Interrupt Link [LNKD] (IRQs 5 9 10 *11)
[    0.204000] SCSI subsystem initialized
[    0.208039] pci 0000:00:02.0: vgaarb: setting as boot VGA device
[    0.212000] pci 0000:00:02.0: vgaarb: VGA device added: decodes=io+mem,owns=io+mem,locks=none
[    0.212000] pci 0000:00:02.0: vgaarb: bridge control possible
[    0.212000] vgaarb: loaded
[    0.212000] ACPI: bus type USB registered
[    0.212000] usbcore: registered new interface driver usbfs
[    0.212000] usbcore: registered new interface driver hub
[    0.212000] usbcore: registered new device driver usb
[    0.212083] EDAC MC: Ver: 3.0.0
[    0.216432] PCI: Using ACPI for IRQ routing
[    0.220374] NetLabel: Initializing
[    0.224000] NetLabel:  domain hash size = 128
[    0.224000] NetLabel:  protocols = UNLABELED CIPSOv4 CALIPSO
[    0.224000] NetLabel:  unlabeled traffic allowed by default
[    0.224318] clocksource: Switched to clocksource kvm-clock
[    0.228000] VFS: Disk quotas dquot_6.6.0
[    0.228000] VFS: Dquot-cache hash table entries: 512 (order 0, 4096 bytes)
[    0.228000] AppArmor: AppArmor Filesystem Enabled
[    0.228000] pnp: PnP ACPI init
[    0.316007] pnp: PnP ACPI: found 3 devices
[    0.372884] clocksource: acpi_pm: mask: 0xffffff max_cycles: 0xffffff, max_idle_ns: 2085701024 ns
[    0.376840] NET: Registered protocol family 2
[    0.376840] IP idents hash table entries: 16384 (order: 5, 131072 bytes)
[    0.376840] TCP established hash table entries: 8192 (order: 4, 65536 bytes)
[    0.391501] TCP bind hash table entries: 8192 (order: 5, 131072 bytes)
[    0.391501] TCP: Hash tables configured (established 8192 bind 8192)
[    0.391501] UDP hash table entries: 512 (order: 2, 16384 bytes)
[    0.391501] UDP-Lite hash table entries: 512 (order: 2, 16384 bytes)
[    0.391501] NET: Registered protocol family 1
[    0.391501] pci 0000:00:00.0: Limiting direct PCI/PCI transfers
[    0.391501] pci 0000:00:01.0: Activating ISA DMA hang workarounds
[    0.391501] pci 0000:00:02.0: Video device with shadowed ROM at [mem 0x000c0000-0x000dffff]
[    0.391501] Unpacking initramfs...
[    0.391782] Freeing initrd memory: 19520K
[    0.391782] clocksource: tsc: mask: 0xffffffffffffffff max_cycles: 0x2868193390f, max_idle_ns: 440795218527 ns
[    0.391782] platform rtc_cmos: registered platform RTC device (no PNP device found)
[    0.391782] Scanning for low memory corruption every 60 seconds
[    1.057267] Initialise system trusted keyrings
[    1.060916] Key type blacklist registered
[    1.060916] workingset: timestamp_bits=36 max_order=18 bucket_order=0
[    1.060916] zbud: loaded
[    1.072976] squashfs: version 4.0 (2009/01/31) Phillip Lougher
[    1.076929] fuse init (API version 7.26)
[    1.084339] Key type asymmetric registered
[    1.087379] Asymmetric key parser 'x509' registered
[    1.088180] Block layer SCSI generic (bsg) driver version 0.4 loaded (major 246)
[    1.095531] io scheduler noop registered
[    1.098086] io scheduler deadline registered
[    1.099372] io scheduler cfq registered (default)
[    1.105353] ACPI: AC Adapter [AC] (on-line)
[    1.108681] input: Power Button as /devices/LNXSYSTM:00/LNXPWRBN:00/input/input0
[    1.114919] ACPI: Power Button [PWRF]
[    1.117848] input: Sleep Button as /devices/LNXSYSTM:00/LNXSLPBN:00/input/input1
[    1.121720] ACPI: Sleep Button [SLPF]
[    1.130833] ACPI: Battery Slot [BAT0] (battery present)
[    1.132366] Serial: 8250/16550 driver, 32 ports, IRQ sharing enabled
[    1.176376] 00:02: ttyS0 at I/O 0x3f8 (irq = 4, base_baud = 115200) is a 16550A
[    1.180182] Linux agpgart interface v0.103
[    1.202804] loop: module loaded
[    1.210697] scsi host0: ata_piix
[    1.216703] scsi host1: ata_piix
[    1.220697] ata1: PATA max UDMA/33 cmd 0x1f0 ctl 0x3f6 bmdma 0xd000 irq 14
[    1.220697] ata2: PATA max UDMA/33 cmd 0x170 ctl 0x376 bmdma 0xd008 irq 15
[    1.220697] tun: Universal TUN/TAP device driver, 1.6
[    1.232725] PPP generic driver version 2.4.2
[    1.232725] ehci_hcd: USB 2.0 'Enhanced' Host Controller (EHCI) Driver
[    1.232725] ehci-pci: EHCI PCI platform driver
[    1.232725] ehci-platform: EHCI generic platform driver
[    1.232725] ohci_hcd: USB 1.1 'Open' Host Controller (OHCI) Driver
[    1.232725] ohci-pci: OHCI PCI platform driver
[    1.232725] ohci-platform: OHCI generic platform driver
[    1.232725] uhci_hcd: USB Universal Host Controller Interface driver
[    1.232725] i8042: PNP: PS/2 Controller [PNP0303:PS2K,PNP0f03:PS2M] at 0x60,0x64 irq 1,12
[    1.323482] serio: i8042 KBD port at 0x60,0x64 irq 1
[    1.325915] serio: i8042 AUX port at 0x60,0x64 irq 12
[    1.325915] mousedev: PS/2 mouse device common for all mice
[    1.344872] rtc_cmos rtc_cmos: rtc core: registered rtc_cmos as rtc0
[    1.347805] rtc_cmos rtc_cmos: alarms up to one day, 114 bytes nvram
[    1.347805] i2c /dev entries driver
[    1.347805] device-mapper: uevent: version 1.0.3
[    1.347805] device-mapper: ioctl: 4.37.0-ioctl (2017-09-20) initialised: dm-devel@redhat.com
[    1.381409] ledtrig-cpu: registered to indicate activity on CPUs
[    1.394788] NET: Registered protocol family 10
[    1.409642] input: AT Translated Set 2 keyboard as /devices/platform/i8042/serio0/input/input2
[    1.446745] Segment Routing with IPv6
[    1.450712] NET: Registered protocol family 17
[    1.458347] Key type dns_resolver registered
[    1.463900] mce: Using 0 MCE banks
[    1.467537] RAS: Correctable Errors collector initialized.
[    1.467537] sched_clock: Marking stable (1463537956, 0)->(2791632831, -1328094875)
[    1.514276] registered taskstats version 1
[    1.520930] Loading compiled-in X.509 certificates
[    1.533365] Loaded X.509 cert 'Build time autogenerated kernel key: c22b55fccca0ab4a1b471e83eb5a5035df964114'
[    1.547036] Loaded X.509 cert 'Canonical Ltd. Live Patch Signing: 14df34d1a87cf37625abec039ef2bf521249b969'
[    1.570381] Loaded X.509 cert 'Canonical Ltd. Kernel Module Signing: 88f752e560a1e0737e31163a466ad7b70a850c19'
[    1.595846] blacklist: Loading compiled-in revocation X.509 certificates
[    1.606899] Loaded X.509 cert 'Canonical Ltd. Secure Boot Signing: 61482aa2830d0ab2ad5af10b7250da9033ddcef0'
[    1.625749] zswap: loaded using pool lzo/zbud
[    1.645811] Key type big_key registered
[    1.649072] Key type trusted registered
[    1.655872] Key type encrypted registered
[    1.662339] AppArmor: AppArmor sha1 policy hashing enabled
[    1.671159] ima: No TPM chip found, activating TPM-bypass! (rc=-19)
[    1.678865] ima: Allocated hash algorithm: sha1
[    1.689038] evm: HMAC attrs: 0x1
[    1.697057]   Magic number: 2:283:446
[    1.707163] rtc_cmos rtc_cmos: setting system clock to 2022-08-25 19:26:57 UTC (1661455617)
[    1.722888] BIOS EDD facility v0.16 2004-Jun-25, 0 devices found
[    1.731279] EDD information not available.
[    1.740230] Freeing unused kernel image memory: 2468K
[    1.757472] Write protecting the kernel read-only data: 20480k
[    1.772778] Freeing unused kernel image memory: 2008K
[    1.785713] Freeing unused kernel image memory: 1820K
[    1.799150] x86/mm: Checked W+X mappings: passed, no W+X pages found.
Loading, please wait...
starting version 237
[    2.618755] e1000: Intel(R) PRO/1000 Network Driver - version 7.3.21-k8-NAPI
[    2.627758] e1000: Copyright (c) 1999-2006 Intel Corporation.
[    2.653188] Fusion MPT base driver 3.04.20
[    2.660297] Copyright (c) 1999-2008 LSI Corporation
[    2.682047] Fusion MPT SPI Host driver 3.04.20
[    2.974236] input: ImExPS/2 Generic Explorer Mouse as /devices/platform/i8042/serio1/input/input4
[    3.428042] e1000 0000:00:03.0 eth0: (PCI:33MHz:32-bit) 02:77:d8:76:0e:b8
[    3.436534] e1000 0000:00:03.0 eth0: Intel(R) PRO/1000 Network Connection
[    3.444915] mptbase: ioc0: Initiating bringup
[    3.611427] ioc0: LSI53C1030 A0: Capabilities={Initiator}
[    4.546557] scsi host2: ioc0: LSI53C1030 A0, FwRev=00000000h, Ports=1, MaxQ=256, IRQ=20
[    4.788271] scsi 2:0:0:0: Direct-Access     VBOX     HARDDISK         1.0  PQ: 0 ANSI: 5
[    4.832139] scsi target2:0:0: Beginning Domain Validation
[    4.859695] scsi target2:0:0: Domain Validation skipping write tests
[    4.868830] scsi target2:0:0: Ending Domain Validation
[    4.878689] scsi target2:0:0: asynchronous
[    4.891442] scsi 2:0:1:0: Direct-Access     VBOX     HARDDISK         1.0  PQ: 0 ANSI: 5
[    5.156934] scsi target2:0:1: Beginning Domain Validation
[    5.180970] scsi target2:0:1: Domain Validation skipping write tests
[    5.193628] scsi target2:0:1: Ending Domain Validation
[    5.202607] scsi target2:0:1: asynchronous
[    5.223673] random: fast init done
[    5.238465] random: systemd-udevd: uninitialized urandom read (16 bytes read)
[    5.247563] random: systemd-udevd: uninitialized urandom read (16 bytes read)
[    5.259367] random: systemd-udevd: uninitialized urandom read (16 bytes read)
[    5.270030] sd 2:0:0:0: Attached scsi generic sg0 type 0
[    5.279623] sd 2:0:1:0: Attached scsi generic sg1 type 0
[    5.288015] sd 2:0:0:0: [sda] 83886080 512-byte logical blocks: (42.9 GB/40.0 GiB)
[    5.305479] sd 2:0:0:0: [sda] Write Protect is off
[    5.316090] sd 2:0:1:0: [sdb] 20480 512-byte logical blocks: (10.5 MB/10.0 MiB)
[    5.322220] sd 2:0:0:0: [sda] Incomplete mode parameter data
[    5.326546] sd 2:0:0:0: [sda] Assuming drive cache: write through
[    5.330213] sd 2:0:1:0: [sdb] Write Protect is off
[    5.333771] sd 2:0:1:0: [sdb] Incomplete mode parameter data
[    5.337547] sd 2:0:1:0: [sdb] Assuming drive cache: write through
[    5.347322]  sda: sda1
[    5.354267] sd 2:0:0:0: [sda] Attached SCSI disk
[    5.362003] sd 2:0:1:0: [sdb] Attached SCSI disk
[    5.684952] e1000 0000:00:08.0 eth1: (PCI:33MHz:32-bit) 08:00:27:a3:e1:90
[    5.693370] e1000 0000:00:08.0 eth1: Intel(R) PRO/1000 Network Connection
[    5.711987] e1000 0000:00:08.0 enp0s8: renamed from eth1
[    8.588180] e1000 0000:00:03.0 enp0s3: renamed from eth0
Begin: Loading essential drivers ... [   11.176853] raid6: sse2x1   gen()  7196 MB/s
[   11.228065] raid6: sse2x1   xor()  8621 MB/s
[   11.280024] raid6: sse2x2   gen()  9551 MB/s
[   11.332176] raid6: sse2x2   xor()  5922 MB/s
[   11.384180] raid6: sse2x4   gen() 14229 MB/s
[   11.436153] raid6: sse2x4   xor()  8987 MB/s
[   11.442984] raid6: using algorithm sse2x4 gen() 14229 MB/s
[   11.452912] raid6: .... xor() 8987 MB/s, rmw enabled
[   11.459001] raid6: using ssse3x2 recovery algorithm
[   11.466532] xor: measuring software checksum speed
[   11.508142]    prefetch64-sse: 22180.000 MB/sec
[   11.552099]    generic_sse: 20985.000 MB/sec
[   11.557310] xor: using function: prefetch64-sse (22180.000 MB/sec)
[   11.575198] async_tx: api initialized (async)
done.
Begin: Running /scripts/init-premount ... done.
Begin: Mounting root file system ... Begin: Running /scripts/local-top ... done.
Begin: Running /scripts/local-premount ... [   11.663995] Btrfs loaded, crc32c=crc32c-intel
Scanning for Btrfs filesystems
done.
Warning: fsck not present, so skipping root file system
[   11.775365] EXT4-fs (sda1): mounted filesystem with ordered data mode. Opts: (null)
done.
Begin: Running /scripts/local-bottom ... done.
Begin: Running /scripts/init-bottom ... done.
[   12.005132] ip_tables: (C) 2000-2006 Netfilter Core Team
[   12.021892] systemd[1]: systemd 237 running in system mode. (+PAM +AUDIT +SELINUX +IMA +APPARMOR +SMACK +SYSVINIT +UTMP +LIBCRYPTSETUP +GCRYPT +GNUTLS +ACL +XZ +LZ4 +SECCOMP +BLKID +ELFUTILS +KMOD -IDN2 +IDN -PCRE2 default-hierarchy=hybrid)
[   12.039094] systemd[1]: Detected virtualization oracle.
[   12.042904] systemd[1]: Detected architecture x86-64.

Welcome to [1mUbuntu 18.04.6 LTS[0m!

[   12.078148] systemd[1]: Set hostname to <ubuntu>.
[   12.114397] systemd[1]: Initializing machine ID from random generator.
[   12.123717] systemd[1]: Installed transient /etc/machine-id file.
[   12.701609] systemd[1]: Reached target System Time Synchronized.
[[0;32m  OK  [0m] Reached target System Time Synchronized.
[   12.720790] systemd[1]: Created slice System Slice.
[[0;32m  OK  [0m] Created slice System Slice.
[   12.736975] systemd[1]: Listening on Journal Socket.
[[0;32m  OK  [0m] Listening on Journal Socket.
[   12.753324] systemd[1]: Mounting Huge Pages File System...
         Mounting Huge Pages File System...
[[0;32m  OK  [0m] Listening on Device-mapper event daemon FIFOs.
         Mounting POSIX Message Queue File System...
[[0;32m  OK  [0m] Listening on udev Control Socket.
         Starting Uncomplicated firewall...
[[0;32m  OK  [0m] Listening on Journal Socket (/dev/log).
         Starting Load Kernel Modules...
[[0;32m  OK  [0m] Listening on Journal Audit Socket.
[[0;32m  OK  [0m] Reached target User and Group Name Lookups.
[[0;32m  OK  [0m] Listening on LVM2 poll daemon socket.
[   12.805865] Loading iSCSI transport class v2.0-870.
[[0;32m  OK  [0m] Listening on Network Service Netlink Socket.
[[0;32m  OK  [0m] Listening on LVM2 metadata daemon socket.
[[0;32m  OK  [0m] Listening on fsck to fsckd communication Socket.
[[0;32m  OK  [0m] Listening on udev Kernel Socket.
         Starting Set the console keyboard layout...
[   12.826865] iscsi: registered transport (tcp)
[[0;32m  OK  [0m] Listening on /dev/initctl Compatibility Named Pipe.
         Starting File System Check on Root Device...
[[0;32m  OK  [0m] Listening on Syslog Socket.
         Starting Journal Service...
         Starting udev Coldplug all Devices...
         Starting Monitoring of LVM2 mirrorsâ€¦ng dmeventd or progress polling...
         Starting Create list of required stâ€¦ce nodes for the current kernel...
[[0;32m  OK  [0m] Created slice User and Session Slice.
[[0;32m  OK  [0m] Reached target Slices.
[[0;32m  OK  [0m] Set up automount Arbitrary Executabâ€¦rmats File System Automount Point.
[[0;32m  OK  [0m] Started Forward Password Requests to Wall Directory Watch.
[[0;32m  OK  [0m] Created slice system-serial\x2dgetty.slice.
         Mounting Kernel Debug File System...
[[0;32m  OK  [0m] Reached target Swap.
[[0;32m  OK  [0m] Mounted Huge Pages File System.
[[0;32m  OK  [0m] Mounted POSIX Message Queue File System.
[[0;32m  OK  [0m] Started Uncomplicated firewall.
[[0;32m  OK  [0m] Started Create list of required staâ€¦vice nodes for the current kernel.
[[0;32m  OK  [0m] Mounted Kernel Debug File System.
[[0;32m  OK  [0m] Started LVM2 metadata daemon.
[[0;32m  OK  [0m] Started File System Check Daemon to report status.
         Starting Create Static Device Nodes in /dev...
[[0;32m  OK  [0m] Started udev Coldplug all Devices.
[[0;32m  OK  [0m] Started File System Check on Root Device.
         Starting Remount Root and Kernel File Systems...
[[0;32m  OK  [0m] Started Journal Service.
[[0;32m  OK  [0m] Started Create Static Device Nodes in /dev.
[   13.229731] EXT4-fs (sda1): re-mounted. Opts: (null)
[[0;32m  OK  [0m] Started Remount Root and Kernel File Systems.
         Starting Flush Journal to Persistent Storage...
[   13.255229] iscsi: registered transport (iser)
         Starting udev Kernel Device Manager...
         Starting Load/Save Random Seed...
[[0;32m  OK  [0m] Started Load Kernel Modules.
[[0;32m  OK  [0m] Started Monitoring of LVM2 mirrors,â€¦sing dmeventd or progress polling.
[[0;32m  OK  [0m] Started Load/Save Random Seed.
         Mounting FUSE Control File System...
         Starting Apply Kernel Variables...
         Mounting Kernel Configuration File System...
[   13.367290] systemd-journald[391]: Received request to flush runtime journal from PID 1
[[0;32m  OK  [0m] Mounted Kernel Configuration File System.
[[0;32m  OK  [0m] Mounted FUSE Control File System.
[[0;32m  OK  [0m] Started udev Kernel Device Manager.
[[0;32m  OK  [0m] Started Apply Kernel Variables.
[[0;32m  OK  [0m] Started Flush Journal to Persistent Storage.
[[0;32m  OK  [0m] Found device /dev/ttyS0.
[[0;32m  OK  [0m] Listening on Load/Save RF Kill Switch Status /dev/rfkill Watch.
[[0;32m  OK  [0m] Started Set the console keyboard layout.
[[0;32m  OK  [0m] Started Dispatch Password Requests to Console Directory Watch.
[[0;32m  OK  [0m] Reached target Local Encrypted Volumes.
[[0;32m  OK  [0m] Reached target Local File Systems (Pre).
[[0;32m  OK  [0m] Reached target Local File Systems.
         Starting Tell Plymouth To Write Out Runtime Data...
         Starting ebtables ruleset management...
         Starting Commit a transient machine-id on disk...
         Starting Create Volatile Files and Directories...
         Starting AppArmor initialization...
         Starting Set console font and keymap...
[[0;32m  OK  [0m] Started Tell Plymouth To Write Out Runtime Data.
[[0;32m  OK  [0m] Started Create Volatile Files and Directories.
         Starting Update UTMP about System Boot/Shutdown...
[[0;32m  OK  [0m] Started Update UTMP about System Boot/Shutdown.
[[0;32m  OK  [0m] Started Commit a transient machine-id on disk.
[[0;32m  OK  [0m] Started ebtables ruleset management.
[[0;32m  OK  [0m] Started AppArmor initialization.
         Starting Load AppArmor profiles managed internally by snapd...
         Starting Initial cloud-init job (pre-networking)...
[[0;32m  OK  [0m] Started Load AppArmor profiles managed internally by snapd.
[[0;32m  OK  [0m] Started Set console font and keymap.
[   20.258058] cloud-init[873]: Cloud-init v. 22.2-0ubuntu1~18.04.3 running 'init-local' at Thu, 25 Aug 2022 19:27:15 +0000. Up 19.74 seconds.
[[0;32m  OK  [0m] Started Initial cloud-init job (pre-networking).
[[0;32m  OK  [0m] Reached target Network (Pre).
         Starting Network Service...
[[0;32m  OK  [0m] Started Network Service.
         Starting Network Name Resolution...
         Starting Wait for Network to be Configured...
[[0;32m  OK  [0m] Started Network Name Resolution.
[[0;32m  OK  [0m] Reached target Network.
[[0;32m  OK  [0m] Reached target Host and Network Name Lookups.
[[0;32m  OK  [0m] Started Wait for Network to be Configured.
         Starting Initial cloud-init job (metadata service crawler)...
[   22.664992] cloud-init[1035]: Cloud-init v. 22.2-0ubuntu1~18.04.3 running 'init' at Thu, 25 Aug 2022 19:27:18 +0000. Up 22.48 seconds.
[   22.670572] cloud-init[1035]: ci-info: ++++++++++++++++++++++++++++++++++++++Net device info++++++++++++++++++++++++++++++++++++++
[   22.675329] cloud-init[1035]: ci-info: +--------+-------+---------------------------+---------------+--------+-------------------+
[   22.680469] cloud-init[1035]: ci-info: | Device |   Up  |          Address          |      Mask     | Scope  |     Hw-Address    |
[   22.684639] cloud-init[1035]: ci-info: +--------+-------+---------------------------+---------------+--------+-------------------+
[   22.689473] cloud-init[1035]: ci-info: | enp0s3 |  True |         10.0.2.15         | 255.255.255.0 | global | 02:77:d8:76:0e:b8 |
[   22.693686] cloud-init[1035]: ci-info: | enp0s3 |  True | fe80::77:d8ff:fe76:eb8/64 |       .       |  link  | 02:77:d8:76:0e:b8 |
[   22.699501] cloud-init[1035]: ci-info: | enp0s8 | False |             .             |       .       |   .    | 08:00:27:a3:e1:90 |
[   22.707184] cloud-init[1035]: ci-info: |   lo   |  True |         127.0.0.1         |   255.0.0.0   |  host  |         .         |
[   22.722147] cloud-init[1035]: ci-info: |   lo   |  True |          ::1/128          |       .       |  host  |         .         |
[   22.741873] cloud-init[1035]: ci-info: +--------+-------+---------------------------+---------------+--------+-------------------+
[   22.766603] cloud-init[1035]: ci-info: ++++++++++++++++++++++++++++Route IPv4 info+++++++++++++++++++++++++++++
[   22.784562] cloud-init[1035]: ci-info: +-------+-------------+----------+-----------------+-----------+-------+
[   22.795557] cloud-init[1035]: ci-info: | Route | Destination | Gateway  |     Genmask     | Interface | Flags |
[   22.800943] cloud-init[1035]: ci-info: +-------+-------------+----------+-----------------+-----------+-------+
[   22.807243] cloud-init[1035]: ci-info: |   0   |   0.0.0.0   | 10.0.2.2 |     0.0.0.0     |   enp0s3  |   UG  |
[   22.813610] cloud-init[1035]: ci-info: |   1   |   10.0.2.0  | 0.0.0.0  |  255.255.255.0  |   enp0s3  |   U   |
[   22.816456] cloud-init[1035]: ci-info: |   2   |   10.0.2.2  | 0.0.0.0  | 255.255.255.255 |   enp0s3  |   UH  |
[   22.819914] cloud-init[1035]: ci-info: +-------+-------------+----------+-----------------+-----------+-------+
[   22.822683] cloud-init[1035]: ci-info: +++++++++++++++++++Route IPv6 info+++++++++++++++++++
[   22.826179] cloud-init[1035]: ci-info: +-------+-------------+---------+-----------+-------+
[   22.828569] cloud-init[1035]: ci-info: | Route | Destination | Gateway | Interface | Flags |
[   22.830983] cloud-init[1035]: ci-info: +-------+-------------+---------+-----------+-------+
[   22.833551] cloud-init[1035]: ci-info: |   1   |  fe80::/64  |    ::   |   enp0s3  |   U   |
[   22.836643] cloud-init[1035]: ci-info: |   3   |    local    |    ::   |   enp0s3  |   U   |
[   22.839240] cloud-init[1035]: ci-info: |   4   |   ff00::/8  |    ::   |   enp0s3  |   U   |
[   22.841840] cloud-init[1035]: ci-info: +-------+-------------+---------+-----------+-------+
[   24.171463] cloud-init[1035]: Generating public/private rsa key pair.
[   24.175318] cloud-init[1035]: Your identification has been saved in /etc/ssh/ssh_host_rsa_key.
[[0;32m  OK  [0m] Started Initial cloud-init job (metadata service crawler).
[[0;32m  OK  [0m] Reached target Cloud-config availability.
[[0;32m  OK  [0m] Reached target Network is Online.
[   24.236265] cloud-init[1035]: Your public key has been saved in /etc/ssh/ssh_host_rsa_key.pub.
         Starting Availability of block devices...
[[0;32m  OK  [0m] Reached target Remote File Systems (Pre).
[[0;32m  OK  [0m] Reached target Remote File Systems.
[[0;32m  OK  [0m] Reached target System Initialization.
[[0;32m  OK  [0m] Listening on ACPID Listen Socket.
[[0;32m  OK  [0m] Started Daily Cleanup of Temporary Directories.
[[0;32m  OK  [0m] Listening on cloud-init hotplug hook socket.
[[0;32m  OK  [0m] Listening on Open-iSCSI iscsid Socket.
         Starting Socket activation for snappy daemon.
[[0;32m  OK  [0m] Listening on UUID daemon activation socket.
[[0;32m  OK  [0m] Started Discard unused blocks once a week.
[[0;32m  OK  [0m] Started Message of the Day.
[   24.270263] cloud-init[1035]: The key fingerprint is:
[   24.374564] cloud-init[1035]: SHA256:gEjXjcIm9HNnbcWEzZHY8R8VzedhPeyg4imQuJMcBlg root@ubuntu-bionic
[   24.388696] cloud-init[1035]: The key's randomart image is:
[   24.391065] cloud-init[1035]: +---[RSA 2048]----+
[   24.393119] cloud-init[1035]: |.oE... o   O=+.o=|
[[0;32m  OK  [0m] Started ACPI Events Check.
[[0;32m  OK  [0m] Reached target Paths.
[[0;32m  OK  [0m] Started Daily apt download activities.
[   24.396278] cloud-init[1035]: |.o.++.o ..o.*o =*|
[   24.404394] cloud-init[1035]: |  oo=.+ o o . =o+|
[   24.405457] cloud-init[1035]: |   + = + o .   oo|
[   24.406539] cloud-init[1035]: |  o + . S o     .|
[[0;32m  OK  [0m] Started Daily apt upgrade and clean activities.
[   24.410449] cloud-init[1035]: |   =   . o       |
[   24.413893] cloud-init[1035]: |    .   .        |
[   24.415891] cloud-init[1035]: |                 |
[   24.422550]          cloud-initStarting LXD - unix socket.[1035]: 
|                 |
[   24.429449] cloud-init[1035]: +----[SHA256]-----+
[   24.432938] cloud-init[1035]: Generating public/private dsa key pair.
[   24.437521] [cloud-init[0;32m  OK  [0m[1035]: ] Your identification has been saved in /etc/ssh/ssh_host_dsa_key.Listening on D-Bus System Message Bus Socket.

[   24.445153] cloud-init[1035]: Your public key has been saved in /etc/ssh/ssh_host_dsa_key.pub.
[[0;32m  OK  [0m] Started Ubuntu Advantage Timer for running repeated jobs.
[   24.456570] cloud-init[1035]: The key fingerprint is:
[   24.469416] cloud-init[1035]: SHA256:krhMuye9UHFscm23npK6r77HKcegCSu75FDNklbDqBs root@ubuntu-bionic
[   24.470143] cloud-init[1035]: The key's randomart image is:
[[0;32m  OK  [0m] Reached target Timers.
[   24.471781] cloud-init[1035]: +---[DSA 1024]----+
[[0;32m  OK  [0m] Started Availability of block devices.[   24.488896] 
cloud-init[1035]: |                 |
[   24.495636] cloud-init[1035]: |   o   . .       |
[   24.498799] cloud-init[1035]: |  . + o = o .    |
[   24.502410] cloud-init[1035]: | . = o B . . .   |
[   24.517114] cloud-init[1035]: |E = = + S   .    |
[   24.517279] cloud-init[1035]: | = +.+ ..  o .   |
[   24.517726] cloud-init[1035]: |o . =+ o +o.o    |
[   24.518216] cloud-init[1035]: | +. oo= ..*.     |
[   24.518512] cloud-init[1035]: |  ++.o.o*O.      |
[   24.518975] cloud-init[1035]: +----[SHA256]-----+
[   24.520351] cloud-init[1035]: Generating public/private ecdsa key pair.
[[0;32m  OK  [0m] Listening on Socket activation for snappy daemon.
[[   24.521168] [0;32m  OK  [0mcloud-init] [1035]: Listening on LXD - unix socket.Your identification has been saved in /etc/ssh/ssh_host_ecdsa_key.

[   24.567423] [cloud-init[0;32m  OK  [0m[1035]: Your public key has been saved in /etc/ssh/ssh_host_ecdsa_key.pub.
] Reached target Sockets.
[[0;32m  OK  [0m] Reached target Basic System.
[   24.567575] cloud-init[1035]: The key fingerprint is:
[   24.577939] cloud-init[1035]: SHA256:2u3wN6ZQ+RKjDBUGTnjx6M/Kkh5tCU0g4fMp3vTxYT8 root@ubuntu-bionic
         Starting Permit User Sessions...
         Starting LXD - container startup/shutdown...
[   24.578137] cloud-init[1035]: The key's randomart image is:
         Starting Virtualbox guest utils...
[   24.593987] cloud-init[1035]: +---[ECDSA 256]---+
         Starting LSB: automatic crash report generation...
[   24.606739] cloud-init[1035]: |  o...+oo        |
[   24.610854] cloud-init[1035]: | . ..+.+ .       |
[   24.612542] cloud-init[1035]: |  o  .+ o        |
[   24.614081] cloud-init[1035]: |   o = .   .     |
[   24.615652] cloud-init[1035]: |  . = = S =      |
[   24.617528] cloud-init[1035]: | . + + % * +     |
[   24.618991] cloud-init[1035]: |  . o.* X E .    |
[   24.620722] cloud-init[1035]: |    o+ . = o+    |
[   24.622376] cloud-init[1035]: |   ...o   ++ .   |
[   24.624729] cloud-init[1035]: +----[SHA256]-----+
[   24.627196] cloud-init[1035]: Generating public/private ed25519 key pair.
[   24.630374] cloud-init[1035]: Your identification has been saved in /etc/ssh/ssh_host_ed25519_key.
[   24.634566] cloud-init[1035]: Your public key has been saved in /etc/ssh/ssh_host_ed25519_key.pub.
[   24.637148] cloud-init[1035]: The key fingerprint is:
[   24.638962] cloud-init[1035]: SHA256:rZc96mjUS0f8Fl46jtlQMhxfgUjxFbld+DCi+6s3vrk root@ubuntu-bionic
[   24.641923] cloud-init[1035]: The key's randomart image is:
[   24.643912] cloud-init[1035]: +--[ED25519 256]--+
[   24.645515] cloud-init[1035]: |          .oo .=+|
[   24.648975] cloud-init[1035]: |           .+.=.o|
[   24.650650] cloud-init[1035]: |           + = =+|
[   24.651871] cloud-init[1035]: |         .. * +.+|
[   24.653337] cloud-init[1035]: |        S..o * + |
[   24.654786] cloud-init[1035]: |        ..+oo *  |
[   24.656382] cloud-init[1035]: |       ...o+oB . |
[   24.657771] cloud-init[1035]: |        .o..*oo  |
[   24.659129] cloud-init[1035]: |       ...++E=   |
[   24.660479] cloud-init[1035]: +----[SHA256]-----+
[[0;32m  OK  [0m] Started Regular background program processing daemon.
         Starting System Logging Service...
[[0;32m  OK  [0m] Started irqbalance daemon.
[[0;32m  OK  [0m] Started D-Bus System Message Bus.
         Starting Accounts Service...
[[0;32m  OK  [0m] Started Deferred execution scheduler.
         Starting Login Service...
[[0;32m  OK  [0m] Started FUSE filesystem for LXC.
         Starting Pollinate to seed the pseudo random number generator...
         Starting Dispatcher daemon for systemd-networkd...
         Starting LSB: Record successful boot for GRUB...
         Starting Snap Daemon...
[[0;32m  OK  [0m] Started System Logging Service.
[[0;32m  OK  [0m] Started Permit User Sessions.
[[0;32m  OK  [0m] Started LXD - container startup/shutdown.
[[0;32m  OK  [0m] Started Login Service.
         Starting Authorization Manager...
[[0;32m  OK  [0m] Started Unattended Upgrades Shutdown.
         Starting Terminate Plymouth Boot Screen...
         Starting Hold until boot process finishes up...
[[0;32m  OK  [0m] Started Terminate Plymouth Boot Screen.
[[0;32m  OK  [0m] Started Hold until boot process finishes up.
[[0;32m  OK  [0m] Started Serial Getty on ttyS0.
         Starting Set console scheme...
[[0;32m  OK  [0m] Started LSB: automatic crash report generation.
[[0;32m  OK  [0m] Started Authorization Manager.
[[0;32m  OK  [0m] Started Accounts Service.
[[0;32m  OK  [0m] Started Set console scheme.
[[0;32m  OK  [0m] Created slice system-getty.slice.
[[0;32m  OK  [0m] Started Getty on tty1.
[[0;32m  OK  [0m] Reached target Login Prompts.
[[0;32m  OK  [0m] Started LSB: Record successful boot for GRUB.
[[0;32m  OK  [0m] Started Dispatcher daemon for systemd-networkd.
[[0;32m  OK  [0m] Started Virtualbox guest utils.
[[0;32m  OK  [0m] Started Snap Daemon.
         Starting Wait until snapd is fully seeded...
[[0;32m  OK  [0m] Started Pollinate to seed the pseudo random number generator.
         Starting OpenBSD Secure Shell server...
         Starting Time & Date Service...
[[0;32m  OK  [0m] Started OpenBSD Secure Shell server.
[[0;32m  OK  [0m] Started Time & Date Service.
[[0;32m  OK  [0m] Created slice User Slice of vagrant.
         Starting User Manager for UID 1000...
[[0;32m  OK  [0m] Started Session 1 of user vagrant.
[[0;32m  OK  [0m] Started User Manager for UID 1000.
[[0;32m  OK  [0m] Started Wait until snapd is fully seeded.
         Starting Apply the settings specified in cloud-config...
[   28.994541] cloud-init[1799]: Cloud-init v. 22.2-0ubuntu1~18.04.3 running 'modules:config' at Thu, 25 Aug 2022 19:27:23 +0000. Up 28.05 seconds.
[[0;32m  OK  [0m] Started Apply the settings specified in cloud-config.
[[0;32m  OK  [0m] Reached target Multi-User System.
         Starting Execute cloud user/final scripts...
[[0;32m  OK  [0m] Reached target Graphical Interface.
         Starting Update UTMP about System Runlevel Changes...
[[0;32m  OK  [0m] Started Update UTMP about System Runlevel Changes.
ci-info: no authorized SSH keys fingerprints found for user ubuntu.
<14>Aug 25 19:27:25 cloud-init: #############################################################
<14>Aug 25 19:27:25 cloud-init: -----BEGIN SSH HOST KEY FINGERPRINTS-----
<14>Aug 25 19:27:25 cloud-init: 1024 SHA256:krhMuye9UHFscm23npK6r77HKcegCSu75FDNklbDqBs root@ubuntu-bionic (DSA)
<14>Aug 25 19:27:25 cloud-init: 256 SHA256:2u3wN6ZQ+RKjDBUGTnjx6M/Kkh5tCU0g4fMp3vTxYT8 root@ubuntu-bionic (ECDSA)
<14>Aug 25 19:27:25 cloud-init: 256 SHA256:rZc96mjUS0f8Fl46jtlQMhxfgUjxFbld+DCi+6s3vrk root@ubuntu-bionic (ED25519)
<14>Aug 25 19:27:25 cloud-init: 2048 SHA256:gEjXjcIm9HNnbcWEzZHY8R8VzedhPeyg4imQuJMcBlg root@ubuntu-bionic (RSA)
<14>Aug 25 19:27:25 cloud-init: -----END SSH HOST KEY FINGERPRINTS-----
<14>Aug 25 19:27:25 cloud-init: #############################################################
-----BEGIN SSH HOST KEY KEYS-----
ecdsa-sha2-nistp256 AAAAE2VjZHNhLXNoYTItbmlzdHAyNTYAAAAIbmlzdHAyNTYAAABBBOEj/rOXUF4mZALM4er+2zQm9FMVFjQRGUiOV6rygnrXaPjYcYGIA37SUtwKDhP+Hnq8We97YPgD1Eg8lJegit8= root@ubuntu-bionic
ssh-ed25519 AAAAC3NzaC1lZDI1NTE5AAAAIHV42cfTnHGC9NXhnV5SfelBz2Uxj2wk1SCVP+l0kcCb root@ubuntu-bionic
ssh-rsa AAAAB3NzaC1yc2EAAAADAQABAAABAQDcwo5T0CQz6KoDXvZO0NMVPLqsdnjtHnCxlpub0rDlzKy2GD/lRij5jj0oFvVbDAOlVuekKlUAXm4G6VYxkBbl38nqllq826ya++BCNunH9LEogZfwKRgbFcUrxHcwj+XWS7gPykim3OuesdDa6yFf8VaHJIhMWeIqv7cPa9c9yTmAnVmUHtzcRgBqePcVJHGN9/kq4iaRpCO3qr60pEPM+gDhFkqoTB7ak19rFc5b7+U40fW1QqnEmE21HZIPX06RgNJ+QDo+FECLqgL6CZLPChGBZSHfhdNstjYutf0Nkh8GTDM+x53OFQeaUjoKgMXzuLiYoc457zRNCvjLZK/j root@ubuntu-bionic
-----END SSH HOST KEY KEYS-----
[   30.207712] cloud-init[1876]: Cloud-init v. 22.2-0ubuntu1~18.04.3 running 'modules:final' at Thu, 25 Aug 2022 19:27:25 +0000. Up 29.75 seconds.
[   30.211515] cloud-init[1876]: Cloud-init v. 22.2-0ubuntu1~18.04.3 finished at Thu, 25 Aug 2022 19:27:25 +0000. Datasource DataSourceNoCloud [seed=/dev/sdb][dsmode=net].  Up 30.20 seconds
[[0;32m  OK  [0m] Started Execute cloud user/final scripts.
[[0;32m  OK  [0m] Reached target Cloud-init target.

Ubuntu 18.04.6 LTS ubuntu-bionic ttyS0

ubuntu-bionic login: 